	trait01	
Realized Additive Covariance matrix:
      1.0000000	
Realized Additive Correlation matrix:
      1.0000000	
Residual Covariance matrix:
      9.0000000	
Residual Correlation matrix:
      1.0000000	
h2:	      0.1000000	
