     5   500    10
  1089   -0.014295072799
  2042    1.226460439156
   458    0.777188370776
  1606   -0.184149870105
   182   -0.614074343847
  1551   -0.924450001770
   156   -0.401973098915
   431   -0.995570158957
  1674    0.477215327040
   590    1.136570048800
