     5   500    10
  1089    0.875372246629   -0.397318527275
  2042    0.513639547038    0.565161146612
   458   -0.012361787809   -1.385899206766
  1606    2.271967582581    2.022795981551
   182    1.140821923706   -0.619574363867
  1551   -0.775790956502    0.473982073586
   156    0.026499582879   -0.260608101809
   431    0.300874221988   -0.931877034305
  1674    0.683152324642    0.549514472217
   590    0.674883708313    0.076016145066
